[connect.pabau.com/bookingsd798.html]
[backblue.gif]
[fade.gif]
[index.html]
[maxcdn.bootstrapcdn.com/font-awesome/4.7.0/css/font-awesome.min.css]
[cdnjs.cloudflare.com/ajax/libs/moment.js/2.18.1/moment.min.js]
[crm.pabau.com/modules/connect/backgrounds/gradientBG/gradient4.jpg]
[crm.pabau.com/cdn/companyimages/781/avatar_photos/20210402102018.jpg]
[crm.pabau.com/images/crm_logos/pabau-share.png]
[crm.pabau.com/images/loading-animation.gif]
[crm.pabau.com/images/bag.png]
[crm.pabau.com/cdn/file_attachments/781/category_images/604223e27fd68_122818cb87.png]
[f67d6725d14cba41b1c3-6d41f35451e3c766516757e611f137b2.ssl.cf3.rackcdn.com/a3d1173b11604599d277b7d9c0db4dfd.png]
[crm.pabau.com/cdn/file_attachments/781/category_images/6042238068840_1226402d74.png]
[crm.pabau.com/cdn/file_attachments/781/category_images/60475bcc8bc88_1128124c61.png]
[crm.pabau.com/modules/connect/images/default_profile.png]
[crm.pabau.com/cdn/file_attachments/781/avatar_photos/20210820121925.jpg]
[crm.pabau.com/cdn/file_attachments/781/avatar_photos/20210414174146.jpg]
[crm.pabau.com/cdn/file_attachments/781/avatar_photos/20210401193345.jpg]
[crm.pabau.com/cdn/file_attachments/781/avatar_photos/20210307182003.jpg]
[crm.pabau.com/cdn/file_attachments/781/avatar_photos/20210622161912.jpg]
[crm.pabau.com/cdn/file_attachments/781/avatar_photos/20210628183449.jpg]
[crm.pabau.com/cdn/file_attachments/781/avatar_photos/20210703105124.jpg]
[crm.pabau.com/cdn/file_attachments/781/avatar_photos/20210307181729.jpg]
[crm.pabau.com/cdn/file_attachments/781/avatar_photos/20210307181807.jpg]
[crm.pabau.com/cdn/file_attachments/781/avatar_photos/20210622161942.jpg]
[crm.pabau.com/cdn/file_attachments/781/avatar_photos/20210307183409.jpg]
[crm.pabau.com/cdn/file_attachments/781/avatar_photos/20210309123142.jpg]
[crm.pabau.com/cdn/file_attachments/781/avatar_photos/20210307182030.jpg]
[crm.pabau.com/modules/connect/images/pabau-share.png]
[connect.pabau.com/bookingsd798.html]
[www.googletagmanager.com/gtm5445.html]
[maxcdn.bootstrapcdn.com/font-awesome/4.7.0/css/font-awesome.min.css]
